2026-03-21 19:27:45,700 - INFO - cost-redlines v5.0 initialized
2026-03-21 19:27:45,700 - INFO - 创建预算: 示例预算 = 10000.00
2026-03-21 19:27:45,700 - INFO - 记录成本: 3000.00 - 服务器费用
2026-03-21 19:27:45,700 - INFO - 记录成本: 2000.00 - 人力成本
2026-03-21 19:27:45,700 - INFO - 记录成本: 1500.00 - 扩展服务
2026-03-21 19:27:45,852 - INFO - cost-redlines v5.0 initialized
2026-03-21 19:27:45,852 - INFO - 创建预算: 示例预算 = 10000.00
2026-03-21 19:27:45,852 - INFO - 记录成本: 3000.00 - 服务器费用
2026-03-21 19:27:45,852 - INFO - 记录成本: 2000.00 - 人力成本
2026-03-21 19:27:45,852 - INFO - 记录成本: 1500.00 - 扩展服务
2026-03-21 19:27:49,879 - INFO - cost-redlines v5.0 initialized
2026-03-21 19:27:49,879 - INFO - 创建预算: 示例预算 = 10000.00
2026-03-21 19:27:49,879 - INFO - 记录成本: 3000.00 - 服务器费用
2026-03-21 19:27:49,879 - INFO - 记录成本: 2000.00 - 人力成本
2026-03-21 19:27:49,879 - INFO - 记录成本: 1500.00 - 扩展服务
2026-03-21 19:27:50,033 - INFO - cost-redlines v5.0 initialized
2026-03-21 19:27:50,033 - INFO - 创建预算: 示例预算 = 10000.00
2026-03-21 19:27:50,033 - INFO - 记录成本: 3000.00 - 服务器费用
2026-03-21 19:27:50,033 - INFO - 记录成本: 2000.00 - 人力成本
2026-03-21 19:27:50,033 - INFO - 记录成本: 1500.00 - 扩展服务
2026-03-21 19:28:10,833 - INFO - cost-redlines v5.0 initialized
2026-03-21 19:28:10,833 - INFO - 创建预算: 渐进增长测试 = 10000.00
2026-03-21 19:28:10,834 - INFO - 记录成本: 200.00 - 第0天成本
2026-03-21 19:28:10,834 - INFO - 记录成本: 210.00 - 第1天成本
2026-03-21 19:28:10,834 - INFO - 记录成本: 220.50 - 第2天成本
2026-03-21 19:28:10,834 - INFO - 记录成本: 231.53 - 第3天成本
2026-03-21 19:28:10,834 - INFO - 记录成本: 243.10 - 第4天成本
2026-03-21 19:28:10,834 - INFO - 记录成本: 255.26 - 第5天成本
2026-03-21 19:28:10,834 - INFO - 记录成本: 268.02 - 第6天成本
2026-03-21 19:28:10,834 - INFO - 记录成本: 281.42 - 第7天成本
2026-03-21 19:28:10,834 - INFO - 记录成本: 295.49 - 第8天成本
2026-03-21 19:28:10,834 - INFO - 记录成本: 310.27 - 第9天成本
2026-03-21 19:28:10,834 - INFO - 记录成本: 325.78 - 第10天成本
2026-03-21 19:28:10,834 - INFO - 记录成本: 342.07 - 第11天成本
2026-03-21 19:28:10,834 - INFO - 记录成本: 359.17 - 第12天成本
2026-03-21 19:28:10,834 - INFO - 记录成本: 377.13 - 第13天成本
2026-03-21 19:28:10,835 - INFO - 记录成本: 395.99 - 第14天成本
2026-03-21 19:28:10,835 - INFO - 记录成本: 415.79 - 第15天成本
2026-03-21 19:28:10,835 - INFO - 记录成本: 436.57 - 第16天成本
2026-03-21 19:28:10,835 - INFO - 记录成本: 458.40 - 第17天成本
2026-03-21 19:28:10,835 - INFO - 记录成本: 481.32 - 第18天成本
2026-03-21 19:28:10,835 - INFO - 记录成本: 505.39 - 第19天成本
2026-03-21 19:28:10,835 - INFO - 记录成本: 530.66 - 第20天成本
2026-03-21 19:28:10,835 - INFO - 记录成本: 557.19 - 第21天成本
2026-03-21 19:28:10,835 - WARNING - 告警触发: 渐进增长测试 - orange
2026-03-21 19:28:10,835 - INFO - 记录成本: 585.05 - 第22天成本
2026-03-21 19:28:10,835 - WARNING - 告警触发: 渐进增长测试 - orange
2026-03-21 19:28:10,835 - INFO - 记录成本: 614.30 - 第23天成本
2026-03-21 19:28:10,836 - WARNING - 告警触发: 渐进增长测试 - orange
2026-03-21 19:28:10,836 - INFO - 记录成本: 645.02 - 第24天成本
2026-03-21 19:28:10,836 - WARNING - 告警触发: 渐进增长测试 - red
2026-03-21 19:28:10,837 - INFO - 记录成本: 677.27 - 第25天成本
2026-03-21 19:28:10,837 - WARNING - 告警触发: 渐进增长测试 - red
2026-03-21 19:28:10,837 - INFO - 记录成本: 711.13 - 第26天成本
2026-03-21 19:28:10,837 - WARNING - 告警触发: 渐进增长测试 - critical
2026-03-21 19:28:10,839 - INFO - 记录成本: 746.69 - 第27天成本
2026-03-21 19:28:10,839 - WARNING - 告警触发: 渐进增长测试 - critical
2026-03-21 19:28:10,839 - INFO - 记录成本: 784.03 - 第28天成本
2026-03-21 19:28:10,839 - WARNING - 告警触发: 渐进增长测试 - critical
2026-03-21 19:28:10,839 - INFO - 记录成本: 823.23 - 第29天成本
2026-03-21 19:28:10,840 - WARNING - 告警触发: 渐进增长测试 - critical
2026-03-21 19:28:10,840 - INFO - 创建预算: 突发激增测试 = 10000.00
2026-03-21 19:28:10,840 - INFO - 记录成本: 200.00 - 第0天正常成本
2026-03-21 19:28:10,840 - INFO - 记录成本: 200.00 - 第1天正常成本
2026-03-21 19:28:10,840 - INFO - 记录成本: 200.00 - 第2天正常成本
2026-03-21 19:28:10,840 - INFO - 记录成本: 200.00 - 第3天正常成本
2026-03-21 19:28:10,840 - INFO - 记录成本: 200.00 - 第4天正常成本
2026-03-21 19:28:10,840 - INFO - 记录成本: 200.00 - 第5天正常成本
2026-03-21 19:28:10,840 - INFO - 记录成本: 200.00 - 第6天正常成本
2026-03-21 19:28:10,840 - INFO - 记录成本: 200.00 - 第7天正常成本
2026-03-21 19:28:10,840 - INFO - 记录成本: 200.00 - 第8天正常成本
2026-03-21 19:28:10,840 - INFO - 记录成本: 200.00 - 第9天正常成本
2026-03-21 19:28:10,840 - INFO - 记录成本: 200.00 - 第10天正常成本
2026-03-21 19:28:10,841 - INFO - 记录成本: 200.00 - 第11天正常成本
2026-03-21 19:28:10,841 - INFO - 记录成本: 200.00 - 第12天正常成本
2026-03-21 19:28:10,841 - INFO - 记录成本: 200.00 - 第13天正常成本
2026-03-21 19:28:10,841 - INFO - 记录成本: 200.00 - 第14天正常成本
2026-03-21 19:28:10,841 - INFO - 记录成本: 200.00 - 第15天正常成本
2026-03-21 19:28:10,841 - INFO - 记录成本: 200.00 - 第16天正常成本
2026-03-21 19:28:10,841 - INFO - 记录成本: 200.00 - 第17天正常成本
2026-03-21 19:28:10,841 - INFO - 记录成本: 200.00 - 第18天正常成本
2026-03-21 19:28:10,841 - INFO - 记录成本: 200.00 - 第19天正常成本
2026-03-21 19:28:10,841 - WARNING - 告警触发: 突发激增测试 - orange
2026-03-21 19:28:10,841 - INFO - 记录成本: 5000.00 - 突发大额支出
2026-03-21 19:28:10,841 - WARNING - 告警触发: 突发激增测试 - orange
2026-03-21 19:28:10,842 - INFO - 创建预算: 级别溢出测试 = 10000.00
2026-03-21 19:28:14,358 - INFO - cost-redlines v5.0 initialized
2026-03-21 19:28:14,358 - INFO - 创建预算: 渐进增长测试 = 10000.00
2026-03-21 19:28:14,359 - INFO - 记录成本: 200.00 - 第0天成本
2026-03-21 19:28:14,359 - INFO - 记录成本: 210.00 - 第1天成本
2026-03-21 19:28:14,359 - INFO - 记录成本: 220.50 - 第2天成本
2026-03-21 19:28:14,359 - INFO - 记录成本: 231.53 - 第3天成本
2026-03-21 19:28:14,359 - INFO - 记录成本: 243.10 - 第4天成本
2026-03-21 19:28:14,359 - INFO - 记录成本: 255.26 - 第5天成本
2026-03-21 19:28:14,359 - INFO - 记录成本: 268.02 - 第6天成本
2026-03-21 19:28:14,359 - INFO - 记录成本: 281.42 - 第7天成本
2026-03-21 19:28:14,359 - INFO - 记录成本: 295.49 - 第8天成本
2026-03-21 19:28:14,359 - INFO - 记录成本: 310.27 - 第9天成本
2026-03-21 19:28:14,359 - INFO - 记录成本: 325.78 - 第10天成本
2026-03-21 19:28:14,359 - INFO - 记录成本: 342.07 - 第11天成本
2026-03-21 19:28:14,359 - INFO - 记录成本: 359.17 - 第12天成本
2026-03-21 19:28:14,359 - INFO - 记录成本: 377.13 - 第13天成本
2026-03-21 19:28:14,359 - INFO - 记录成本: 395.99 - 第14天成本
2026-03-21 19:28:14,360 - INFO - 记录成本: 415.79 - 第15天成本
2026-03-21 19:28:14,360 - INFO - 记录成本: 436.57 - 第16天成本
2026-03-21 19:28:14,360 - INFO - 记录成本: 458.40 - 第17天成本
2026-03-21 19:28:14,360 - INFO - 记录成本: 481.32 - 第18天成本
2026-03-21 19:28:14,360 - INFO - 记录成本: 505.39 - 第19天成本
2026-03-21 19:28:14,360 - INFO - 记录成本: 530.66 - 第20天成本
2026-03-21 19:28:14,360 - INFO - 记录成本: 557.19 - 第21天成本
2026-03-21 19:28:14,360 - WARNING - 告警触发: 渐进增长测试 - orange
2026-03-21 19:28:14,360 - INFO - 记录成本: 585.05 - 第22天成本
2026-03-21 19:28:14,360 - WARNING - 告警触发: 渐进增长测试 - orange
2026-03-21 19:28:14,360 - INFO - 记录成本: 614.30 - 第23天成本
2026-03-21 19:28:14,361 - WARNING - 告警触发: 渐进增长测试 - orange
2026-03-21 19:28:14,361 - INFO - 记录成本: 645.02 - 第24天成本
2026-03-21 19:28:14,361 - WARNING - 告警触发: 渐进增长测试 - red
2026-03-21 19:28:14,361 - INFO - 记录成本: 677.27 - 第25天成本
2026-03-21 19:28:14,362 - WARNING - 告警触发: 渐进增长测试 - red
2026-03-21 19:28:14,362 - INFO - 记录成本: 711.13 - 第26天成本
2026-03-21 19:28:14,362 - WARNING - 告警触发: 渐进增长测试 - critical
2026-03-21 19:28:14,362 - INFO - 记录成本: 746.69 - 第27天成本
2026-03-21 19:28:14,362 - WARNING - 告警触发: 渐进增长测试 - critical
2026-03-21 19:28:14,362 - INFO - 记录成本: 784.03 - 第28天成本
2026-03-21 19:28:14,363 - WARNING - 告警触发: 渐进增长测试 - critical
2026-03-21 19:28:14,363 - INFO - 记录成本: 823.23 - 第29天成本
2026-03-21 19:28:14,363 - WARNING - 告警触发: 渐进增长测试 - critical
2026-03-21 19:28:14,363 - INFO - 创建预算: 突发激增测试 = 10000.00
2026-03-21 19:28:14,363 - INFO - 记录成本: 200.00 - 第0天正常成本
2026-03-21 19:28:14,363 - INFO - 记录成本: 200.00 - 第1天正常成本
2026-03-21 19:28:14,363 - INFO - 记录成本: 200.00 - 第2天正常成本
2026-03-21 19:28:14,363 - INFO - 记录成本: 200.00 - 第3天正常成本
2026-03-21 19:28:14,363 - INFO - 记录成本: 200.00 - 第4天正常成本
2026-03-21 19:28:14,363 - INFO - 记录成本: 200.00 - 第5天正常成本
2026-03-21 19:28:14,363 - INFO - 记录成本: 200.00 - 第6天正常成本
2026-03-21 19:28:14,363 - INFO - 记录成本: 200.00 - 第7天正常成本
2026-03-21 19:28:14,364 - INFO - 记录成本: 200.00 - 第8天正常成本
2026-03-21 19:28:14,364 - INFO - 记录成本: 200.00 - 第9天正常成本
2026-03-21 19:28:14,364 - INFO - 记录成本: 200.00 - 第10天正常成本
2026-03-21 19:28:14,364 - INFO - 记录成本: 200.00 - 第11天正常成本
2026-03-21 19:28:14,364 - INFO - 记录成本: 200.00 - 第12天正常成本
2026-03-21 19:28:14,364 - INFO - 记录成本: 200.00 - 第13天正常成本
2026-03-21 19:28:14,364 - INFO - 记录成本: 200.00 - 第14天正常成本
2026-03-21 19:28:14,364 - INFO - 记录成本: 200.00 - 第15天正常成本
2026-03-21 19:28:14,364 - INFO - 记录成本: 200.00 - 第16天正常成本
2026-03-21 19:28:14,364 - INFO - 记录成本: 200.00 - 第17天正常成本
2026-03-21 19:28:14,364 - INFO - 记录成本: 200.00 - 第18天正常成本
2026-03-21 19:28:14,364 - INFO - 记录成本: 200.00 - 第19天正常成本
2026-03-21 19:28:14,364 - WARNING - 告警触发: 突发激增测试 - orange
2026-03-21 19:28:14,364 - INFO - 记录成本: 5000.00 - 突发大额支出
2026-03-21 19:28:14,365 - WARNING - 告警触发: 突发激增测试 - orange
2026-03-21 19:28:14,365 - INFO - 创建预算: 级别溢出测试 = 10000.00
2026-03-21 19:29:16,481 - INFO - cost-redlines v5.0 initialized
2026-03-21 19:29:16,482 - INFO - 创建预算: 渐进增长测试 = 10000.00
2026-03-21 19:29:16,482 - INFO - 记录成本: 200.00 - 第0天成本
2026-03-21 19:29:16,482 - INFO - 记录成本: 210.00 - 第1天成本
2026-03-21 19:29:16,482 - INFO - 记录成本: 220.50 - 第2天成本
2026-03-21 19:29:16,482 - INFO - 记录成本: 231.53 - 第3天成本
2026-03-21 19:29:16,482 - INFO - 记录成本: 243.10 - 第4天成本
2026-03-21 19:29:16,482 - INFO - 记录成本: 255.26 - 第5天成本
2026-03-21 19:29:16,482 - INFO - 记录成本: 268.02 - 第6天成本
2026-03-21 19:29:16,482 - INFO - 记录成本: 281.42 - 第7天成本
2026-03-21 19:29:16,482 - INFO - 记录成本: 295.49 - 第8天成本
2026-03-21 19:29:16,482 - INFO - 记录成本: 310.27 - 第9天成本
2026-03-21 19:29:16,482 - INFO - 记录成本: 325.78 - 第10天成本
2026-03-21 19:29:16,482 - INFO - 记录成本: 342.07 - 第11天成本
2026-03-21 19:29:16,482 - INFO - 记录成本: 359.17 - 第12天成本
2026-03-21 19:29:16,483 - INFO - 记录成本: 377.13 - 第13天成本
2026-03-21 19:29:16,483 - INFO - 记录成本: 395.99 - 第14天成本
2026-03-21 19:29:16,483 - INFO - 记录成本: 415.79 - 第15天成本
2026-03-21 19:29:16,483 - INFO - 记录成本: 436.57 - 第16天成本
2026-03-21 19:29:16,483 - INFO - 记录成本: 458.40 - 第17天成本
2026-03-21 19:29:16,483 - INFO - 记录成本: 481.32 - 第18天成本
2026-03-21 19:29:16,483 - INFO - 记录成本: 505.39 - 第19天成本
2026-03-21 19:29:16,483 - INFO - 记录成本: 530.66 - 第20天成本
2026-03-21 19:29:16,483 - INFO - 记录成本: 557.19 - 第21天成本
2026-03-21 19:29:16,483 - WARNING - 告警触发: 渐进增长测试 - orange
2026-03-21 19:29:16,483 - INFO - 记录成本: 585.05 - 第22天成本
2026-03-21 19:29:16,483 - WARNING - 告警触发: 渐进增长测试 - orange
2026-03-21 19:29:16,484 - INFO - 记录成本: 614.30 - 第23天成本
2026-03-21 19:29:16,484 - WARNING - 告警触发: 渐进增长测试 - orange
2026-03-21 19:29:16,484 - INFO - 记录成本: 645.02 - 第24天成本
2026-03-21 19:29:16,484 - WARNING - 告警触发: 渐进增长测试 - red
2026-03-21 19:29:16,484 - INFO - 记录成本: 677.27 - 第25天成本
2026-03-21 19:29:16,485 - WARNING - 告警触发: 渐进增长测试 - red
2026-03-21 19:29:16,485 - INFO - 记录成本: 711.13 - 第26天成本
2026-03-21 19:29:16,485 - WARNING - 告警触发: 渐进增长测试 - critical
2026-03-21 19:29:16,485 - INFO - 记录成本: 746.69 - 第27天成本
2026-03-21 19:29:16,485 - WARNING - 告警触发: 渐进增长测试 - critical
2026-03-21 19:29:16,485 - INFO - 记录成本: 784.03 - 第28天成本
2026-03-21 19:29:16,485 - WARNING - 告警触发: 渐进增长测试 - critical
2026-03-21 19:29:16,485 - INFO - 记录成本: 823.23 - 第29天成本
2026-03-21 19:29:16,486 - WARNING - 告警触发: 渐进增长测试 - critical
2026-03-21 19:29:16,486 - INFO - 创建预算: 突发激增测试 = 10000.00
2026-03-21 19:29:16,486 - INFO - 记录成本: 200.00 - 第0天正常成本
2026-03-21 19:29:16,486 - INFO - 记录成本: 200.00 - 第1天正常成本
2026-03-21 19:29:16,486 - INFO - 记录成本: 200.00 - 第2天正常成本
2026-03-21 19:29:16,486 - INFO - 记录成本: 200.00 - 第3天正常成本
2026-03-21 19:29:16,486 - INFO - 记录成本: 200.00 - 第4天正常成本
2026-03-21 19:29:16,486 - INFO - 记录成本: 200.00 - 第5天正常成本
2026-03-21 19:29:16,486 - INFO - 记录成本: 200.00 - 第6天正常成本
2026-03-21 19:29:16,486 - INFO - 记录成本: 200.00 - 第7天正常成本
2026-03-21 19:29:16,486 - INFO - 记录成本: 200.00 - 第8天正常成本
2026-03-21 19:29:16,486 - INFO - 记录成本: 200.00 - 第9天正常成本
2026-03-21 19:29:16,486 - INFO - 记录成本: 200.00 - 第10天正常成本
2026-03-21 19:29:16,486 - INFO - 记录成本: 200.00 - 第11天正常成本
2026-03-21 19:29:16,486 - INFO - 记录成本: 200.00 - 第12天正常成本
2026-03-21 19:29:16,486 - INFO - 记录成本: 200.00 - 第13天正常成本
2026-03-21 19:29:16,487 - INFO - 记录成本: 200.00 - 第14天正常成本
2026-03-21 19:29:16,487 - INFO - 记录成本: 200.00 - 第15天正常成本
2026-03-21 19:29:16,487 - INFO - 记录成本: 200.00 - 第16天正常成本
2026-03-21 19:29:16,487 - INFO - 记录成本: 200.00 - 第17天正常成本
2026-03-21 19:29:16,487 - INFO - 记录成本: 200.00 - 第18天正常成本
2026-03-21 19:29:16,487 - INFO - 记录成本: 200.00 - 第19天正常成本
2026-03-21 19:29:16,487 - WARNING - 告警触发: 突发激增测试 - orange
2026-03-21 19:29:16,487 - INFO - 记录成本: 5000.00 - 突发大额支出
2026-03-21 19:29:16,487 - WARNING - 告警触发: 突发激增测试 - orange
2026-03-21 19:29:16,488 - INFO - 创建预算: 级别溢出测试 = 10000.00
2026-03-21 19:29:16,488 - INFO - 记录成本: 3600.00 - L1正常支出
2026-03-21 19:29:16,488 - INFO - 记录成本: 1350.00 - L1溢出支出
2026-03-21 19:29:16,488 - INFO - 创建预算: 多级联锁测试 = 10000.00
2026-03-21 19:29:16,488 - INFO - 记录成本: 6750.00 - L1超支支出
2026-03-21 19:29:16,488 - WARNING - 告警触发: 多级联锁测试 - orange
2026-03-21 19:29:16,488 - INFO - 记录成本: 2240.00 - L2支出
2026-03-21 19:29:16,488 - WARNING - 告警触发: 多级联锁测试 - orange
2026-03-21 19:29:16,488 - INFO - 记录成本: 850.00 - L3支出
2026-03-21 19:29:16,489 - WARNING - 告警触发: 多级联锁测试 - orange
2026-03-21 19:29:16,489 - INFO - 创建预算: 准确性测试 = 10000.00
2026-03-21 19:29:16,489 - INFO - 记录成本: 100.00 - 测试记录0
2026-03-21 19:29:16,489 - INFO - 记录成本: 200.50 - 测试记录1
2026-03-21 19:29:16,489 - INFO - 记录成本: 300.25 - 测试记录2
2026-03-21 19:29:16,489 - INFO - 记录成本: 150.75 - 测试记录3
2026-03-21 19:29:41,610 - INFO - cost-redlines v5.0 initialized
2026-03-21 19:29:41,610 - INFO - 创建预算: 渐进增长测试 = 10000.00
2026-03-21 19:29:41,610 - INFO - 记录成本: 200.00 - 第0天成本
2026-03-21 19:29:41,610 - INFO - 记录成本: 210.00 - 第1天成本
2026-03-21 19:29:41,611 - INFO - 记录成本: 220.50 - 第2天成本
2026-03-21 19:29:41,611 - INFO - 记录成本: 231.53 - 第3天成本
2026-03-21 19:29:41,611 - INFO - 记录成本: 243.10 - 第4天成本
2026-03-21 19:29:41,611 - INFO - 记录成本: 255.26 - 第5天成本
2026-03-21 19:29:41,611 - INFO - 记录成本: 268.02 - 第6天成本
2026-03-21 19:29:41,611 - INFO - 记录成本: 281.42 - 第7天成本
2026-03-21 19:29:41,611 - INFO - 记录成本: 295.49 - 第8天成本
2026-03-21 19:29:41,611 - INFO - 记录成本: 310.27 - 第9天成本
2026-03-21 19:29:41,611 - INFO - 记录成本: 325.78 - 第10天成本
2026-03-21 19:29:41,611 - INFO - 记录成本: 342.07 - 第11天成本
2026-03-21 19:29:41,611 - INFO - 记录成本: 359.17 - 第12天成本
2026-03-21 19:29:41,612 - INFO - 记录成本: 377.13 - 第13天成本
2026-03-21 19:29:41,612 - INFO - 记录成本: 395.99 - 第14天成本
2026-03-21 19:29:41,612 - INFO - 记录成本: 415.79 - 第15天成本
2026-03-21 19:29:41,612 - INFO - 记录成本: 436.57 - 第16天成本
2026-03-21 19:29:41,612 - INFO - 记录成本: 458.40 - 第17天成本
2026-03-21 19:29:41,612 - INFO - 记录成本: 481.32 - 第18天成本
2026-03-21 19:29:41,612 - INFO - 记录成本: 505.39 - 第19天成本
2026-03-21 19:29:41,612 - INFO - 记录成本: 530.66 - 第20天成本
2026-03-21 19:29:41,612 - INFO - 记录成本: 557.19 - 第21天成本
2026-03-21 19:29:41,612 - WARNING - 告警触发: 渐进增长测试 - orange
2026-03-21 19:29:41,613 - INFO - 记录成本: 585.05 - 第22天成本
2026-03-21 19:29:41,613 - WARNING - 告警触发: 渐进增长测试 - orange
2026-03-21 19:29:41,613 - INFO - 记录成本: 614.30 - 第23天成本
2026-03-21 19:29:41,613 - WARNING - 告警触发: 渐进增长测试 - orange
2026-03-21 19:29:41,613 - INFO - 记录成本: 645.02 - 第24天成本
2026-03-21 19:29:41,613 - WARNING - 告警触发: 渐进增长测试 - red
2026-03-21 19:29:41,614 - INFO - 记录成本: 677.27 - 第25天成本
2026-03-21 19:29:41,614 - WARNING - 告警触发: 渐进增长测试 - red
2026-03-21 19:29:41,614 - INFO - 记录成本: 711.13 - 第26天成本
2026-03-21 19:29:41,614 - WARNING - 告警触发: 渐进增长测试 - critical
2026-03-21 19:29:41,614 - INFO - 记录成本: 746.69 - 第27天成本
2026-03-21 19:29:41,615 - WARNING - 告警触发: 渐进增长测试 - critical
2026-03-21 19:29:41,615 - INFO - 记录成本: 784.03 - 第28天成本
2026-03-21 19:29:41,615 - WARNING - 告警触发: 渐进增长测试 - critical
2026-03-21 19:29:41,615 - INFO - 记录成本: 823.23 - 第29天成本
2026-03-21 19:29:41,615 - WARNING - 告警触发: 渐进增长测试 - critical
2026-03-21 19:29:41,616 - INFO - 创建预算: 突发激增测试 = 10000.00
2026-03-21 19:29:41,616 - INFO - 记录成本: 200.00 - 第0天正常成本
2026-03-21 19:29:41,616 - INFO - 记录成本: 200.00 - 第1天正常成本
2026-03-21 19:29:41,616 - INFO - 记录成本: 200.00 - 第2天正常成本
2026-03-21 19:29:41,616 - INFO - 记录成本: 200.00 - 第3天正常成本
2026-03-21 19:29:41,616 - INFO - 记录成本: 200.00 - 第4天正常成本
2026-03-21 19:29:41,616 - INFO - 记录成本: 200.00 - 第5天正常成本
2026-03-21 19:29:41,616 - INFO - 记录成本: 200.00 - 第6天正常成本
2026-03-21 19:29:41,616 - INFO - 记录成本: 200.00 - 第7天正常成本
2026-03-21 19:29:41,617 - INFO - 记录成本: 200.00 - 第8天正常成本
2026-03-21 19:29:41,617 - INFO - 记录成本: 200.00 - 第9天正常成本
2026-03-21 19:29:41,617 - INFO - 记录成本: 200.00 - 第10天正常成本
2026-03-21 19:29:41,617 - INFO - 记录成本: 200.00 - 第11天正常成本
2026-03-21 19:29:41,617 - INFO - 记录成本: 200.00 - 第12天正常成本
2026-03-21 19:29:41,617 - INFO - 记录成本: 200.00 - 第13天正常成本
2026-03-21 19:29:41,617 - INFO - 记录成本: 200.00 - 第14天正常成本
2026-03-21 19:29:41,617 - INFO - 记录成本: 200.00 - 第15天正常成本
2026-03-21 19:29:41,617 - INFO - 记录成本: 200.00 - 第16天正常成本
2026-03-21 19:29:41,617 - INFO - 记录成本: 200.00 - 第17天正常成本
2026-03-21 19:29:41,617 - INFO - 记录成本: 200.00 - 第18天正常成本
2026-03-21 19:29:41,618 - INFO - 记录成本: 200.00 - 第19天正常成本
2026-03-21 19:29:41,618 - WARNING - 告警触发: 突发激增测试 - orange
2026-03-21 19:29:41,618 - INFO - 记录成本: 5000.00 - 突发大额支出
2026-03-21 19:29:41,618 - WARNING - 告警触发: 突发激增测试 - orange
2026-03-21 19:29:41,618 - INFO - 创建预算: 级别溢出测试 = 10000.00
2026-03-21 19:29:41,619 - INFO - 记录成本: 3600.00 - L1正常支出
2026-03-21 19:29:41,619 - INFO - 记录成本: 1350.00 - L1溢出支出
2026-03-21 19:29:41,619 - INFO - 创建预算: 多级联锁测试 = 10000.00
2026-03-21 19:29:41,619 - INFO - 记录成本: 6750.00 - L1超支支出
2026-03-21 19:29:41,619 - WARNING - 告警触发: 多级联锁测试 - orange
2026-03-21 19:29:41,619 - INFO - 记录成本: 2240.00 - L2支出
2026-03-21 19:29:41,620 - WARNING - 告警触发: 多级联锁测试 - orange
2026-03-21 19:29:41,620 - INFO - 记录成本: 850.00 - L3支出
2026-03-21 19:29:41,620 - WARNING - 告警触发: 多级联锁测试 - orange
2026-03-21 19:29:41,620 - INFO - 创建预算: 准确性测试 = 10000.00
2026-03-21 19:29:41,620 - INFO - 记录成本: 100.00 - 测试记录0
2026-03-21 19:29:41,620 - INFO - 记录成本: 200.50 - 测试记录1
2026-03-21 19:29:41,620 - INFO - 记录成本: 300.25 - 测试记录2
2026-03-21 19:29:41,621 - INFO - 记录成本: 150.75 - 测试记录3
2026-03-21 19:30:57,505 - INFO - cost-redlines v5.0 initialized
2026-03-21 19:30:57,505 - INFO - 创建预算: 示例预算 = 10000.00
2026-03-21 19:30:57,505 - INFO - 记录成本: 3000.00 - 服务器费用
2026-03-21 19:30:57,505 - INFO - 记录成本: 2000.00 - 人力成本
2026-03-21 19:30:57,505 - INFO - 记录成本: 1500.00 - 扩展服务
2026-03-21 19:30:57,505 - INFO - 创建预算: 测试预算-渐进增长 = 10000.00
2026-03-21 19:30:57,506 - INFO - 记录成本: 200.00 - Day 0 cost
2026-03-21 19:30:57,506 - INFO - 记录成本: 210.00 - Day 1 cost
2026-03-21 19:30:57,506 - INFO - 记录成本: 220.50 - Day 2 cost
2026-03-21 19:30:57,506 - INFO - 记录成本: 231.53 - Day 3 cost
2026-03-21 19:30:57,506 - INFO - 记录成本: 243.10 - Day 4 cost
2026-03-21 19:30:57,506 - INFO - 记录成本: 255.26 - Day 5 cost
2026-03-21 19:30:57,506 - INFO - 记录成本: 268.02 - Day 6 cost
2026-03-21 19:30:57,506 - INFO - 记录成本: 281.42 - Day 7 cost
2026-03-21 19:30:57,506 - INFO - 记录成本: 295.49 - Day 8 cost
2026-03-21 19:30:57,506 - INFO - 记录成本: 310.27 - Day 9 cost
2026-03-21 19:30:57,506 - INFO - 记录成本: 325.78 - Day 10 cost
2026-03-21 19:30:57,506 - INFO - 记录成本: 342.07 - Day 11 cost
2026-03-21 19:30:57,506 - INFO - 记录成本: 359.17 - Day 12 cost
2026-03-21 19:30:57,506 - INFO - 记录成本: 377.13 - Day 13 cost
2026-03-21 19:30:57,506 - INFO - 记录成本: 395.99 - Day 14 cost
2026-03-21 19:30:57,507 - INFO - 记录成本: 415.79 - Day 15 cost
2026-03-21 19:30:57,507 - INFO - 记录成本: 436.57 - Day 16 cost
2026-03-21 19:30:57,507 - INFO - 记录成本: 458.40 - Day 17 cost
2026-03-21 19:30:57,507 - INFO - 记录成本: 481.32 - Day 18 cost
2026-03-21 19:30:57,507 - INFO - 记录成本: 505.39 - Day 19 cost
2026-03-21 19:30:57,507 - INFO - 记录成本: 530.66 - Day 20 cost
2026-03-21 19:30:57,507 - INFO - 记录成本: 557.19 - Day 21 cost
2026-03-21 19:30:57,507 - WARNING - 告警触发: 测试预算-渐进增长 - orange
2026-03-21 19:30:57,507 - INFO - 记录成本: 585.05 - Day 22 cost
2026-03-21 19:30:57,507 - WARNING - 告警触发: 测试预算-渐进增长 - orange
2026-03-21 19:30:57,507 - INFO - 记录成本: 614.30 - Day 23 cost
2026-03-21 19:30:57,508 - WARNING - 告警触发: 测试预算-渐进增长 - orange
2026-03-21 19:30:57,508 - INFO - 记录成本: 645.02 - Day 24 cost
2026-03-21 19:30:57,508 - WARNING - 告警触发: 测试预算-渐进增长 - red
2026-03-21 19:30:57,508 - INFO - 记录成本: 677.27 - Day 25 cost
2026-03-21 19:30:57,509 - WARNING - 告警触发: 测试预算-渐进增长 - red
2026-03-21 19:30:57,509 - INFO - 记录成本: 711.13 - Day 26 cost
2026-03-21 19:30:57,509 - WARNING - 告警触发: 测试预算-渐进增长 - critical
2026-03-21 19:30:57,509 - INFO - 记录成本: 746.69 - Day 27 cost
2026-03-21 19:30:57,509 - WARNING - 告警触发: 测试预算-渐进增长 - critical
2026-03-21 19:30:57,509 - INFO - 记录成本: 784.03 - Day 28 cost
2026-03-21 19:30:57,509 - WARNING - 告警触发: 测试预算-渐进增长 - critical
2026-03-21 19:30:57,509 - INFO - 记录成本: 823.23 - Day 29 cost
2026-03-21 19:30:57,510 - WARNING - 告警触发: 测试预算-渐进增长 - critical
2026-03-21 19:30:57,510 - INFO - 创建预算: 测试预算-突发激增 = 10000.00
2026-03-21 19:30:57,510 - INFO - 记录成本: 200.00 - Day 0 cost
2026-03-21 19:30:57,510 - INFO - 记录成本: 200.00 - Day 1 cost
2026-03-21 19:30:57,510 - INFO - 记录成本: 200.00 - Day 2 cost
2026-03-21 19:30:57,510 - INFO - 记录成本: 200.00 - Day 3 cost
2026-03-21 19:30:57,510 - INFO - 记录成本: 200.00 - Day 4 cost
2026-03-21 19:30:57,510 - INFO - 记录成本: 200.00 - Day 5 cost
2026-03-21 19:30:57,510 - INFO - 记录成本: 200.00 - Day 6 cost
2026-03-21 19:30:57,510 - INFO - 记录成本: 200.00 - Day 7 cost
2026-03-21 19:30:57,510 - INFO - 记录成本: 200.00 - Day 8 cost
2026-03-21 19:30:57,510 - INFO - 记录成本: 200.00 - Day 9 cost
2026-03-21 19:30:57,510 - INFO - 记录成本: 200.00 - Day 10 cost
2026-03-21 19:30:57,510 - INFO - 记录成本: 200.00 - Day 11 cost
2026-03-21 19:30:57,511 - INFO - 记录成本: 200.00 - Day 12 cost
2026-03-21 19:30:57,511 - INFO - 记录成本: 200.00 - Day 13 cost
2026-03-21 19:30:57,511 - INFO - 记录成本: 200.00 - Day 14 cost
2026-03-21 19:30:57,511 - INFO - 记录成本: 200.00 - Day 15 cost
2026-03-21 19:30:57,511 - INFO - 记录成本: 200.00 - Day 16 cost
2026-03-21 19:30:57,511 - INFO - 记录成本: 200.00 - Day 17 cost
2026-03-21 19:30:57,511 - INFO - 记录成本: 200.00 - Day 18 cost
2026-03-21 19:30:57,511 - INFO - 记录成本: 200.00 - Day 19 cost
2026-03-21 19:30:57,511 - WARNING - 告警触发: 测试预算-突发激增 - orange
2026-03-21 19:30:57,511 - INFO - 记录成本: 5000.00 - 突发成本
2026-03-21 19:30:57,512 - WARNING - 告警触发: 测试预算-突发激增 - orange
2026-03-21 19:30:57,512 - INFO - 创建预算: 测试预算-级别溢出 = 10000.00
2026-03-21 19:30:57,512 - INFO - 记录成本: 5000.00 - 溢出支出
2026-03-21 19:30:57,512 - INFO - 创建预算: 测试预算-联锁超支 = 10000.00
2026-03-21 19:30:57,512 - INFO - 记录成本: 5850.00 - L1超支
2026-03-21 19:30:57,512 - INFO - 记录成本: 1400.00 - L2支出
2026-03-21 19:34:08,795 - INFO - cost-redlines v5.0 initialized
2026-03-21 19:34:08,795 - INFO - 创建预算: 示例预算 = 10000.00
2026-03-21 19:34:08,795 - INFO - 记录成本: 3000.00 - 服务器费用
2026-03-21 19:34:08,795 - INFO - 记录成本: 2000.00 - 人力成本
2026-03-21 19:34:08,795 - INFO - 记录成本: 1500.00 - 扩展服务
2026-03-21 19:34:08,795 - INFO - 创建预算: 测试预算-渐进增长 = 10000.00
2026-03-21 19:34:08,795 - INFO - 记录成本: 200.00 - Day 0 cost
2026-03-21 19:34:08,795 - INFO - 记录成本: 210.00 - Day 1 cost
2026-03-21 19:34:08,795 - INFO - 记录成本: 220.50 - Day 2 cost
2026-03-21 19:34:08,795 - INFO - 记录成本: 231.53 - Day 3 cost
2026-03-21 19:34:08,796 - INFO - 记录成本: 243.10 - Day 4 cost
2026-03-21 19:34:08,796 - INFO - 记录成本: 255.26 - Day 5 cost
2026-03-21 19:34:08,796 - INFO - 记录成本: 268.02 - Day 6 cost
2026-03-21 19:34:08,796 - INFO - 记录成本: 281.42 - Day 7 cost
2026-03-21 19:34:08,796 - INFO - 记录成本: 295.49 - Day 8 cost
2026-03-21 19:34:08,796 - INFO - 记录成本: 310.27 - Day 9 cost
2026-03-21 19:34:08,796 - INFO - 记录成本: 325.78 - Day 10 cost
2026-03-21 19:34:08,796 - INFO - 记录成本: 342.07 - Day 11 cost
2026-03-21 19:34:08,796 - INFO - 记录成本: 359.17 - Day 12 cost
2026-03-21 19:34:08,796 - INFO - 记录成本: 377.13 - Day 13 cost
2026-03-21 19:34:08,796 - INFO - 记录成本: 395.99 - Day 14 cost
2026-03-21 19:34:08,796 - INFO - 记录成本: 415.79 - Day 15 cost
2026-03-21 19:34:08,796 - INFO - 记录成本: 436.57 - Day 16 cost
2026-03-21 19:34:08,796 - INFO - 记录成本: 458.40 - Day 17 cost
2026-03-21 19:34:08,796 - INFO - 记录成本: 481.32 - Day 18 cost
2026-03-21 19:34:08,796 - INFO - 记录成本: 505.39 - Day 19 cost
2026-03-21 19:34:08,797 - INFO - 记录成本: 530.66 - Day 20 cost
2026-03-21 19:34:08,797 - INFO - 记录成本: 557.19 - Day 21 cost
2026-03-21 19:34:08,797 - WARNING - 告警触发: 测试预算-渐进增长 - orange
2026-03-21 19:34:08,797 - INFO - 记录成本: 585.05 - Day 22 cost
2026-03-21 19:34:08,797 - WARNING - 告警触发: 测试预算-渐进增长 - orange
2026-03-21 19:34:08,797 - INFO - 记录成本: 614.30 - Day 23 cost
2026-03-21 19:34:08,798 - WARNING - 告警触发: 测试预算-渐进增长 - orange
2026-03-21 19:34:08,798 - INFO - 记录成本: 645.02 - Day 24 cost
2026-03-21 19:34:08,798 - WARNING - 告警触发: 测试预算-渐进增长 - red
2026-03-21 19:34:08,798 - INFO - 记录成本: 677.27 - Day 25 cost
2026-03-21 19:34:08,798 - WARNING - 告警触发: 测试预算-渐进增长 - red
2026-03-21 19:34:08,798 - INFO - 记录成本: 711.13 - Day 26 cost
2026-03-21 19:34:08,798 - WARNING - 告警触发: 测试预算-渐进增长 - critical
2026-03-21 19:34:08,799 - INFO - 记录成本: 746.69 - Day 27 cost
2026-03-21 19:34:08,799 - WARNING - 告警触发: 测试预算-渐进增长 - critical
2026-03-21 19:34:08,799 - INFO - 记录成本: 784.03 - Day 28 cost
2026-03-21 19:34:08,799 - WARNING - 告警触发: 测试预算-渐进增长 - critical
2026-03-21 19:34:08,799 - INFO - 记录成本: 823.23 - Day 29 cost
2026-03-21 19:34:08,799 - WARNING - 告警触发: 测试预算-渐进增长 - critical
2026-03-21 19:34:08,799 - INFO - 创建预算: 测试预算-突发激增 = 10000.00
2026-03-21 19:34:08,799 - INFO - 记录成本: 200.00 - Day 0 cost
2026-03-21 19:34:08,799 - INFO - 记录成本: 200.00 - Day 1 cost
2026-03-21 19:34:08,800 - INFO - 记录成本: 200.00 - Day 2 cost
2026-03-21 19:34:08,800 - INFO - 记录成本: 200.00 - Day 3 cost
2026-03-21 19:34:08,800 - INFO - 记录成本: 200.00 - Day 4 cost
2026-03-21 19:34:08,800 - INFO - 记录成本: 200.00 - Day 5 cost
2026-03-21 19:34:08,800 - INFO - 记录成本: 200.00 - Day 6 cost
2026-03-21 19:34:08,800 - INFO - 记录成本: 200.00 - Day 7 cost
2026-03-21 19:34:08,800 - INFO - 记录成本: 200.00 - Day 8 cost
2026-03-21 19:34:08,800 - INFO - 记录成本: 200.00 - Day 9 cost
2026-03-21 19:34:08,800 - INFO - 记录成本: 200.00 - Day 10 cost
2026-03-21 19:34:08,800 - INFO - 记录成本: 200.00 - Day 11 cost
2026-03-21 19:34:08,800 - INFO - 记录成本: 200.00 - Day 12 cost
2026-03-21 19:34:08,800 - INFO - 记录成本: 200.00 - Day 13 cost
2026-03-21 19:34:08,800 - INFO - 记录成本: 200.00 - Day 14 cost
2026-03-21 19:34:08,800 - INFO - 记录成本: 200.00 - Day 15 cost
2026-03-21 19:34:08,800 - INFO - 记录成本: 200.00 - Day 16 cost
2026-03-21 19:34:08,800 - INFO - 记录成本: 200.00 - Day 17 cost
2026-03-21 19:34:08,801 - INFO - 记录成本: 200.00 - Day 18 cost
2026-03-21 19:34:08,801 - INFO - 记录成本: 200.00 - Day 19 cost
2026-03-21 19:34:08,801 - WARNING - 告警触发: 测试预算-突发激增 - orange
2026-03-21 19:34:08,801 - INFO - 记录成本: 5000.00 - 突发成本
2026-03-21 19:34:08,801 - WARNING - 告警触发: 测试预算-突发激增 - orange
2026-03-21 19:34:08,801 - INFO - 创建预算: 测试预算-级别溢出 = 10000.00
2026-03-21 19:34:08,801 - INFO - 记录成本: 5000.00 - 溢出支出
2026-03-21 19:34:08,801 - INFO - 创建预算: 测试预算-联锁超支 = 10000.00
2026-03-21 19:34:08,801 - INFO - 记录成本: 5850.00 - L1超支
2026-03-21 19:34:08,801 - INFO - 记录成本: 1400.00 - L2支出
2026-03-21 19:34:13,933 - INFO - cost-redlines v5.0 initialized
2026-03-21 19:34:13,933 - INFO - 创建预算: 示例预算 = 10000.00
2026-03-21 19:34:13,933 - INFO - 记录成本: 3000.00 - 服务器费用
2026-03-21 19:34:13,933 - INFO - 记录成本: 2000.00 - 人力成本
2026-03-21 19:34:13,933 - INFO - 记录成本: 1500.00 - 扩展服务
