2026-03-21 18:42:11,923 - INFO - 开始质量检查: ICQ-20260321-001
2026-03-21 18:42:11,923 - INFO - 质量检查完成: score=94.0, grade=A
2026-03-21 18:42:14,550 - INFO - 开始质量检查: ICQ-20260321-002
2026-03-21 18:42:14,551 - INFO - 质量检查完成: score=85.0, grade=A
2026-03-21 18:42:22,799 - INFO - 开始对抗测试
2026-03-21 18:42:22,799 - INFO - 开始质量检查: ADV-TEST-虚假数据注入
2026-03-21 18:42:22,800 - INFO - 质量检查完成: score=88.0, grade=A
2026-03-21 18:42:22,800 - INFO - 开始质量检查: ADV-TEST-过时数据伪装
2026-03-21 18:42:22,800 - INFO - 质量检查完成: score=88.0, grade=A
2026-03-21 18:42:22,800 - INFO - 开始质量检查: ADV-TEST-逻辑矛盾数据
2026-03-21 18:42:22,800 - INFO - 质量检查完成: score=85.0, grade=A
2026-03-21 18:42:22,800 - INFO - 对抗测试完成: 0/3 通过
2026-03-21 18:43:27,780 - INFO - 开始对抗测试
2026-03-21 18:43:27,780 - INFO - 开始质量检查: ADV-TEST-虚假数据注入
2026-03-21 18:43:27,780 - INFO - 质量检查完成: score=86.5, grade=A
2026-03-21 18:43:27,780 - INFO - 开始质量检查: ADV-TEST-过时数据伪装
2026-03-21 18:43:27,780 - INFO - 质量检查完成: score=94.0, grade=A
2026-03-21 18:43:27,780 - INFO - 开始质量检查: ADV-TEST-逻辑矛盾数据
2026-03-21 18:43:27,780 - INFO - 质量检查完成: score=91.0, grade=A
2026-03-21 18:43:27,780 - INFO - 开始质量检查: ADV-TEST-缺失关键字段
2026-03-21 18:43:27,781 - INFO - 质量检查完成: score=94.0, grade=A
2026-03-21 18:43:27,781 - INFO - 开始质量检查: ADV-TEST-可疑市场规模
2026-03-21 18:43:27,781 - INFO - 质量检查完成: score=86.5, grade=A
2026-03-21 18:43:27,781 - INFO - 对抗测试完成: 4/5 通过
2026-03-21 18:43:31,661 - INFO - 开始质量检查: ICQ-20260321-003
2026-03-21 18:43:31,662 - INFO - 质量检查完成: score=74.5, grade=C
2026-03-21 18:43:31,785 - INFO - 开始质量检查: ICQ-20260321-002
2026-03-21 18:43:31,786 - INFO - 质量检查完成: score=74.5, grade=C
2026-03-21 18:43:31,786 - INFO - 开始质量检查: ICQ-20260321-001
2026-03-21 18:43:31,786 - INFO - 质量检查完成: score=94.0, grade=A
2026-03-21 18:43:31,786 - INFO - 开始质量检查: ICQ-20260321-003
2026-03-21 18:43:31,786 - INFO - 质量检查完成: score=74.5, grade=C
2026-03-21 18:44:03,520 - INFO - 开始质量检查: ICQ-20260321-001
2026-03-21 18:44:03,520 - INFO - 质量检查完成: score=94.0, grade=A
2026-03-21 18:44:03,583 - INFO - 开始质量检查: ICQ-20260321-003
2026-03-21 18:44:03,584 - INFO - 质量检查完成: score=74.5, grade=C
2026-03-21 18:44:03,647 - INFO - 开始对抗测试
2026-03-21 18:44:03,647 - INFO - 开始质量检查: ADV-TEST-虚假数据注入
2026-03-21 18:44:03,647 - INFO - 质量检查完成: score=86.5, grade=A
2026-03-21 18:44:03,647 - INFO - 开始质量检查: ADV-TEST-过时数据伪装
2026-03-21 18:44:03,647 - INFO - 质量检查完成: score=94.0, grade=A
2026-03-21 18:44:03,647 - INFO - 开始质量检查: ADV-TEST-逻辑矛盾数据
2026-03-21 18:44:03,647 - INFO - 质量检查完成: score=91.0, grade=A
2026-03-21 18:44:03,647 - INFO - 开始质量检查: ADV-TEST-缺失关键字段
2026-03-21 18:44:03,647 - INFO - 质量检查完成: score=94.0, grade=A
2026-03-21 18:44:03,647 - INFO - 开始质量检查: ADV-TEST-可疑市场规模
2026-03-21 18:44:03,647 - INFO - 质量检查完成: score=86.5, grade=A
2026-03-21 18:44:03,647 - INFO - 对抗测试完成: 4/5 通过
