[2026-03-21 19:53:58] ✅ 添加担忧 [P1] W260321001: 测试担忧：API配额可能不足...
[2026-03-21 19:54:03] 🔍 系统扫描完成，发现 0 个新担忧
[2026-03-21 19:54:03] 📊 生成daily报告: /root/.openclaw/workspace/skills/worry-list-manager/data/report_daily_20260321_195403.md
[2026-03-21 19:54:06] 🔴 开始对抗测试...
[2026-03-21 19:54:06] ✅ 添加担忧 [P2] W260321002: 磁盘空间即将耗尽，剩余不足5%...
[2026-03-21 19:54:06] ✅ 添加担忧 [P2] W260321003: 项目截止日期明天，核心功能尚未完成...
[2026-03-21 19:54:06] ✅ 添加担忧 [P2] W260321004: 发现一个潜在的客户需求未跟进...
[2026-03-21 19:54:06] 🔴 对抗测试完成: 1/3 通过
[2026-03-21 19:54:18] ✅ 解决担忧 W260321001: 测试完成...
[2026-03-21 19:54:18] ✅ 解决担忧 W260321002: 对抗测试归档...
[2026-03-21 19:54:18] ✅ 解决担忧 W260321003: 对抗测试归档...
[2026-03-21 19:54:18] ✅ 解决担忧 W260321004: 对抗测试归档...
[2026-03-21 19:54:20] 📊 准确性评估: 准确率 50.0%, 误报率 25.0%, 漏报率 25.0%
[2026-03-27 15:17:13] 🔍 系统扫描完成，发现 0 个新担忧
[2026-03-27 15:17:18] 🔴 开始S7对抗测试...
[2026-03-27 15:17:18] ✅ 添加担忧 [P2] W260327001: 磁盘空间即将耗尽，剩余不足5%，系统可能随时崩溃...
[2026-03-27 15:17:18]   测试1 [obvious_critical]: ✗ 磁盘空间即将耗尽，剩余不足5%，系统可能随时崩溃...
[2026-03-27 15:17:18] ✅ 添加担忧 [P2] W260327002: 项目截止日期明天，核心功能尚未完成，客户非常不满...
[2026-03-27 15:17:18]   测试2 [implied_urgency]: ✗ 项目截止日期明天，核心功能尚未完成，客户非常不满...
[2026-03-27 15:17:18] ✅ 添加担忧 [P2] W260327003: 上周开会时客户提到的那个想法，我们好像还没跟进...
[2026-03-27 15:17:18]   测试3 [subtle_opportunity]: ✓ 上周开会时客户提到的那个想法，我们好像还没跟进...
[2026-03-27 15:17:18] ✅ 添加担忧 [P2] W260327004: 日志里有些奇怪的错误，不过好像没影响功能...
[2026-03-27 15:17:18]   测试4 [risk_underestimation]: ✓ 日志里有些奇怪的错误，不过好像没影响功能...
[2026-03-27 15:17:18] ✅ 添加担忧 [P2] W260327005: API配额快用完了，同时存储也快满了，明天还要交付...
[2026-03-27 15:17:18]   测试5 [compound_risk]: ✗ API配额快用完了，同时存储也快满了，明天还要交付...
[2026-03-27 15:17:18] ✅ 添加担忧 [P2] W260327006: 供应商发邮件说可能要调整合作条款...
[2026-03-27 15:17:18]   测试6 [external_dependency]: ✓ 供应商发邮件说可能要调整合作条款...
[2026-03-27 15:17:18] ✅ 添加担忧 [P2] W260327007: 感觉最近项目进展不太对劲，但具体说不上来...
[2026-03-27 15:17:18]   测试7 [vague_concern]: ✓ 感觉最近项目进展不太对劲，但具体说不上来...
[2026-03-27 15:17:18] 🔴 S7对抗测试完成: 4/7 通过 (57.1%)
[2026-03-27 15:17:18] 🔴 检测能力评估: 需改进
[2026-03-27 15:19:10] 📊 S5准确性评估: 准确率 50.0%, 误报率 25.0%, 漏报率 25.0%
[2026-03-27 15:19:10] 📊 质量评级: 需改进
[2026-03-27 15:19:56] 📊 S3生成daily报告: /root/.openclaw/workspace/skills/worry-list-manager/data/report_daily_20260327_151956.md
