=== 蓝军审计: baseline-checker ===
审计时间: Sun Mar 29 07:38:09 PM CST 2026

[Check 1] 目录存在...
  ✅ PASS: 目录存在
[Check 2] SKILL.md存在...
  ✅ PASS: SKILL.md存在
[Check 3] 代码文件存在...
  ✅ PASS: 1个代码文件
[Check 4] 测试文件存在...
  ✅ PASS: 1个测试文件
[Check 5] 测试实际运行...
  ❌ FAIL: 测试运行失败
  错误: test_calculate_total_summary (__main__.TestBaselineChecker.test_calculate_total_summary)
测试总体摘要计算 ... ok
test_check_indicator_pass (__main__.TestBaselineChecker.test_check_indicator_pass)
测试指标检查 - 通过情况 ... ok
test_check_indicator_violation (__main__.TestBaselineChecker.test_check_indicator_violation)
测试指标检查 - 违规情况 ... ok
test_check_indicator_warning (__main__.TestBaselineChecker.test_check_indicator_warning)
测试指标检查 - 警告情况 ... ok
test_collect_performance_data (__main__.TestBaselineChecker.test_collect_performance_data)
测试性能数据收集 ... ERROR
test_init (__main__.TestBaselineChecker.test_init)
测试初始化 ... ok
test_load_baselines (__main__.TestBaselineChecker.test_load_baselines)
测试加载基线配置 ... ok
test_run_adversarial_tests (__main__.TestBaselineChecker.test_run_adversarial_tests)
测试对抗测试 ... ok
test_validate_baselines (__main__.TestBaselineChecker.test_validate_baselines)
测试基线验证 ... ok
test_full_check_flow (__main__.TestBaselineCheckerIntegration.test_full_check_flow)
测试完整检查流程 ... ok

======================================================================
ERROR: test_collect_performance_data (__main__.TestBaselineChecker.test_collect_performance_data)
测试性能数据收集
----------------------------------------------------------------------
Traceback (most recent call last):
  File "/usr/lib/python3.12/unittest/mock.py", line 1387, in patched
    with self.decoration_helper(patched,
  File "/usr/lib/python3.12/contextlib.py", line 137, in __enter__
    return next(self.gen)
           ^^^^^^^^^^^^^^
  File "/usr/lib/python3.12/unittest/mock.py", line 1369, in decoration_helper
    arg = exit_stack.enter_context(patching)
          ^^^^^^^^^^^^^^^^^^^^^^^^^^^^^^^^^^
  File "/usr/lib/python3.12/contextlib.py", line 526, in enter_context
    result = _enter(cm)
             ^^^^^^^^^^
  File "/usr/lib/python3.12/unittest/mock.py", line 1442, in __enter__
    self.target = self.getter()
                  ^^^^^^^^^^^^^
  File "/usr/lib/python3.12/pkgutil.py", line 513, in resolve_name
    mod = importlib.import_module(modname)
          ^^^^^^^^^^^^^^^^^^^^^^^^^^^^^^^^
  File "/usr/lib/python3.12/importlib/__init__.py", line 90, in import_module
    return _bootstrap._gcd_import(name[level:], package, level)
           ^^^^^^^^^^^^^^^^^^^^^^^^^^^^^^^^^^^^^^^^^^^^^^^^^^^^
  File "<frozen importlib._bootstrap>", line 1387, in _gcd_import
  File "<frozen importlib._bootstrap>", line 1360, in _find_and_load
  File "<frozen importlib._bootstrap>", line 1324, in _find_and_load_unlocked
ModuleNotFoundError: No module named 'baseline_checker_runner'

----------------------------------------------------------------------
Ran 10 tests in 1.008s

FAILED (errors=1)

🧪 运行对抗测试...

  测试: 响应时间突破
  描述: 模拟API响应时间超过基线
  结果: ✅ 通过
  检测状态: VIOLATION

  测试: 内存泄漏模拟
  描述: 模拟内存使用率超过临界值
  结果: ✅ 通过
  检测状态: VIOLATION

  测试: CPU过载模拟
  描述: 模拟CPU使用率超过基线
  结果: ✅ 通过
  检测状态: VIOLATION

  测试: 磁盘满模拟
  描述: 模拟磁盘使用率超过临界值
  结果: ✅ 通过
  检测状态: VIOLATION

  测试: 合规底线突破
  描述: 模拟九条底线遵守率低于100%
  结果: ✅ 通过
  检测状态: VIOLATION

对抗测试完成:
  测试数: 5
  通过: 5
  失败: 0
  灵敏度得分: 100.0%

📄 测试结果已保存: /root/.openclaw/workspace/skills/baseline-checker/reports/adversarial-test-results.json

🔍 验证基线准确性...

验证结果:
✅ performance.api_response_time_ms: VALID
✅ performance.memory_usage_mb: VALID
✅ performance.cpu_usage_percent: VALID
✅ performance.disk_usage_percent: VALID
✅ quality.test_coverage_percent: VALID
✅ quality.bug_density_per_kloc: VALID
✅ quality.code_review_coverage: VALID
✅ quality.complexity_score: VALID
✅ compliance.nine_baseline_adherence: VALID
✅ compliance.data_privacy_compliance: VALID
✅ compliance.security_scan_pass: VALID
✅ compliance.platform_compliance: VALID
✅ stability.uptime_percent: VALID
✅ stability.error_rate_percent: VALID
✅ stability.mttr_minutes: VALID
✅ stability.dependency_health_score: VALID

🔍 检查 performance...

=== 审计汇总 ===
通过: 4
失败: 1

🔴 最终结果: FAIL
